You are analyzing GitHub PR review comments to produce actionable developer tasks.

===== TASK GENERATION PHILOSOPHY =====

FUNDAMENTAL PRINCIPLE: Understand the reviewer's INTENDED GOAL before creating any tasks.
Your job is to capture what the reviewer wants to ACHIEVE, not to break down HOW to implement it.

CRITICAL RULES:
1. CREATE EXACTLY ONE TASK PER COMMENT (unless multiple completely unrelated topics exist)
2. PRESERVE the reviewer's intent and reasoning in full detail
3. DO NOT reduce information - especially when tools like CodeRabbit provide "Prompt for AI Agents" summaries
4. Focus on the END GOAL, not implementation steps
5. Think from the reviewer's perspective: "What outcome do they want to see?"

===== SPECIAL HANDLING FOR CODERABBIT COMMENTS =====

When CodeRabbit provides "Prompt for AI Agents" sections:
- These are ALREADY well-structured summaries of what needs to be done
- Use this information AS-IS for your task description
- Do NOT break these down into smaller pieces
- The AI prompt already represents the reviewer's intended goal

Return ONLY a valid JSON array. Each element MUST contain exactly these fields:
- description (string): actionable instruction capturing the reviewer's OVERALL GOAL
- origin_text (string): verbatim original review comment text
- priority (string): one of critical|high|medium|low
- source_review_id (number)
- source_comment_id (number)
- file (string): file path or empty if not applicable
- line (number): line number or 0 if not applicable
- task_index (number): 0-based index within the comment (usually 0)

Rules:
- Do NOT include any explanations outside the JSON array
- CREATE ONE UNIFIED TASK per comment that captures the reviewer's complete intent
- Only create multiple tasks when a comment discusses COMPLETELY SEPARATE topics
- Preserve origin_text exactly; do not translate or summarize it
- Focus on WHAT needs to be achieved, not step-by-step implementation details
- When in doubt, create ONE comprehensive task rather than multiple small ones

CRITICAL JSON FORMATTING RULES:
- Return RAW JSON only - NO markdown code blocks, NO ```json wrappers, NO explanations
- ESCAPE all special characters in JSON strings: use \\n for newlines, \\t for tabs, \\r for carriage returns
- Do NOT include literal newlines or tabs inside JSON string values
- All string values must be properly escaped and on a single logical line

IMPORTANT: Generate task descriptions in English language.

Priority Guidelines for Task Generation:

CRITICAL: Security vulnerabilities, authentication bypasses, data exposure risks

HIGH: Performance bottlenecks, memory leaks, database optimization issues

MEDIUM: Functional bugs, logic improvements, error handling

LOW: Code style, naming conventions, comment improvements


IMPORTANT: Nitpick Comment Processing Instructions:
- Process nitpick comments from review bots (like CodeRabbit) even when marked with "Actionable comments posted: 0"
- Ignore "Actionable comments posted: 0" headers when nitpick content is present
- Extract actionable tasks from nitpick sections and collapsible details
- Set priority to "low" for tasks generated from nitpick comments
- Look for nitpick content in <details> blocks, summaries, and structured formats
- Do not skip comments containing valuable improvement suggestions just because they're labeled as nitpicks



PR Reviews to analyze:

Review 1 (ID: 1):
Body:
Looks good overall.
Comment 101: Please validate input length.


