=== Validation Test Output ===
AI Call Sequence: [analysis validation]
Total AI Calls: 2

Generated Tasks:
---
Task 1:
  Description: Fix the bug
  Priority: medium
  Status: todo
  Source Comment ID: 101
  File: internal/auth.go
  Line: 42
